[debug] [2026-02-27T11:45:21.949Z] ----------------------------------------------------------------------
[debug] [2026-02-27T11:45:21.976Z] Command:       C:\Program Files\nodejs\node.exe C:\Users\MUSTAQ\AppData\Roaming\npm\node_modules\firebase-tools\lib\bin\firebase.js deploy --only hosting
[debug] [2026-02-27T11:45:21.977Z] CLI Version:   15.5.1
[debug] [2026-02-27T11:45:21.978Z] Platform:      win32
[debug] [2026-02-27T11:45:21.978Z] Node Version:  v22.16.0
[debug] [2026-02-27T11:45:21.979Z] Time:          Fri Feb 27 2026 17:15:21 GMT+0530 (India Standard Time)
[debug] [2026-02-27T11:45:21.980Z] ----------------------------------------------------------------------
[debug] 
[debug] [2026-02-27T11:45:21.987Z] >>> [apiv2][query] GET https://firebase-public.firebaseio.com/cli.json [none]
[debug] [2026-02-27T11:45:32.556Z] > command requires scopes: ["email","openid","https://www.googleapis.com/auth/cloudplatformprojects.readonly","https://www.googleapis.com/auth/firebase","https://www.googleapis.com/auth/cloud-platform"]
[debug] [2026-02-27T11:45:32.558Z] > authorizing via signed-in user (mustaqsk47@gmail.com)
[debug] [2026-02-27T11:45:32.558Z] [iam] checking project edutech47-76f0a for permissions ["firebase.projects.get","firebasehosting.sites.update"]
[debug] [2026-02-27T11:45:32.560Z] Checked if tokens are valid: false, expires at: 1770823844951
[debug] [2026-02-27T11:45:32.561Z] Checked if tokens are valid: false, expires at: 1770823844951
[debug] [2026-02-27T11:45:32.561Z] > refreshing access token with scopes: []
[debug] [2026-02-27T11:45:32.567Z] >>> [apiv2][query] POST https://www.googleapis.com/oauth2/v3/token [none]
[debug] [2026-02-27T11:45:32.567Z] >>> [apiv2][body] POST https://www.googleapis.com/oauth2/v3/token [omitted]
[debug] [2026-02-27T11:45:32.915Z] <<< [apiv2][status] POST https://www.googleapis.com/oauth2/v3/token 200
[debug] [2026-02-27T11:45:32.916Z] <<< [apiv2][body] POST https://www.googleapis.com/oauth2/v3/token [omitted]
[debug] [2026-02-27T11:45:32.938Z] >>> [apiv2][query] POST https://cloudresourcemanager.googleapis.com/v1/projects/edutech47-76f0a:testIamPermissions [none]
[debug] [2026-02-27T11:45:32.938Z] >>> [apiv2][(partial)header] POST https://cloudresourcemanager.googleapis.com/v1/projects/edutech47-76f0a:testIamPermissions  x-goog-user-project=edutech47-76f0a
[debug] [2026-02-27T11:45:32.938Z] >>> [apiv2][body] POST https://cloudresourcemanager.googleapis.com/v1/projects/edutech47-76f0a:testIamPermissions {"permissions":["firebase.projects.get","firebasehosting.sites.update"]}
[debug] [2026-02-27T11:45:33.512Z] <<< [apiv2][status] GET https://firebase-public.firebaseio.com/cli.json 200
[debug] [2026-02-27T11:45:33.512Z] <<< [apiv2][body] GET https://firebase-public.firebaseio.com/cli.json {"cloudBuildErrorAfter":1594252800000,"cloudBuildWarnAfter":1590019200000,"defaultNode10After":1594252800000,"minVersion":"3.0.5","node8DeploysDisabledAfter":1613390400000,"node8RuntimeDisabledAfter":1615809600000,"node8WarnAfter":1600128000000}
[debug] [2026-02-27T11:45:34.570Z] <<< [apiv2][status] POST https://cloudresourcemanager.googleapis.com/v1/projects/edutech47-76f0a:testIamPermissions 403
[debug] [2026-02-27T11:45:34.570Z] <<< [apiv2][body] POST https://cloudresourcemanager.googleapis.com/v1/projects/edutech47-76f0a:testIamPermissions {"error":{"code":403,"message":"Caller does not have required permission to use project edutech47-76f0a. Grant the caller the roles/serviceusage.serviceUsageConsumer role, or a custom role with the serviceusage.services.use permission, by visiting https://console.developers.google.com/iam-admin/iam/project?project=edutech47-76f0a and then retry. Propagation of the new permission may take a few minutes.","status":"PERMISSION_DENIED","details":[{"@type":"type.googleapis.com/google.rpc.ErrorInfo","reason":"USER_PROJECT_DENIED","domain":"googleapis.com","metadata":{"service":"cloudresourcemanager.googleapis.com","consumer":"projects/edutech47-76f0a","consoleUrl":"https://console.developers.google.com/iam-admin/iam/project?project=edutech47-76f0a","containerInfo":"edutech47-76f0a"}},{"@type":"type.googleapis.com/google.rpc.LocalizedMessage","locale":"en-US","message":"Caller does not have required permission to use project edutech47-76f0a. Grant the caller the roles/serviceusage.serviceUsageConsumer role, or a custom role with the serviceusage.services.use permission, by visiting https://console.developers.google.com/iam-admin/iam/project?project=edutech47-76f0a and then retry. Propagation of the new permission may take a few minutes."},{"@type":"type.googleapis.com/google.rpc.Help","links":[{"description":"Google developer console IAM admin","url":"https://console.developers.google.com/iam-admin/iam/project?project=edutech47-76f0a"}]}]}}
[debug] [2026-02-27T11:45:34.573Z] [iam] error while checking permissions, command may fail: Request to https://cloudresourcemanager.googleapis.com/v1/projects/edutech47-76f0a:testIamPermissions had HTTP Error: 403, Caller does not have required permission to use project edutech47-76f0a. Grant the caller the roles/serviceusage.serviceUsageConsumer role, or a custom role with the serviceusage.services.use permission, by visiting https://console.developers.google.com/iam-admin/iam/project?project=edutech47-76f0a and then retry. Propagation of the new permission may take a few minutes.
[debug] [2026-02-27T11:45:34.575Z] Checked if tokens are valid: true, expires at: 1772196331916
[debug] [2026-02-27T11:45:34.575Z] Checked if tokens are valid: true, expires at: 1772196331916
[debug] [2026-02-27T11:45:34.576Z] >>> [apiv2][query] GET https://firebase.googleapis.com/v1beta1/projects/edutech47-76f0a [none]
[debug] [2026-02-27T11:45:35.098Z] <<< [apiv2][status] GET https://firebase.googleapis.com/v1beta1/projects/edutech47-76f0a 403
[debug] [2026-02-27T11:45:35.099Z] <<< [apiv2][body] GET https://firebase.googleapis.com/v1beta1/projects/edutech47-76f0a {"error":{"code":403,"message":"The caller does not have permission","status":"PERMISSION_DENIED"}}
[debug] [2026-02-27T11:45:35.100Z] Request to https://firebase.googleapis.com/v1beta1/projects/edutech47-76f0a had HTTP Error: 403, The caller does not have permission
[debug] [2026-02-27T11:45:35.344Z] FirebaseError: Request to https://firebase.googleapis.com/v1beta1/projects/edutech47-76f0a had HTTP Error: 403, The caller does not have permission
    at responseToError (C:\Users\MUSTAQ\AppData\Roaming\npm\node_modules\firebase-tools\lib\responseToError.js:53:12)
    at RetryOperation._fn (C:\Users\MUSTAQ\AppData\Roaming\npm\node_modules\firebase-tools\lib\apiv2.js:330:77)
    at process.processTicksAndRejections (node:internal/process/task_queues:105:5)
[error] 
[error] Error: Failed to get Firebase project edutech47-76f0a. Please make sure the project exists and your account has permission to access it.
